
===== reboot cycle 1 =====
uname -a
NuttX 13.0.0 d49dc5e5a9c Aug 15 2026 18:38:53 risc-v esp32p4x-function-ev-board
nsh>
===== reboot cycle 2 =====
uname -a
NuttX 13.0.0 d49dc5e5a9c Aug 15 2026 18:38:53 risc-v esp32p4x-function-ev-board
nsh>
===== reboot cycle 3 =====
uname -a
NuttX 13.0.0 d49dc5e5a9c Aug 15 2026 18:38:53 risc-v esp32p4x-function-ev-board
nsh> [K
nsh>
===== reboot cycle 4 =====
uname -a
NuttX 13.0.0 d49dc5e5a9c Aug 15 2026 18:38:53 risc-v esp32p4x-function-ev-board
nsh>
===== reboot cycle 5 =====
uname -a
NuttX 13.0.0 d49dc5e5a9c Aug 15 2026 18:38:53 risc-v esp32p4x-function-ev-board
nsh>
===== reboot cycle 6 =====
uname -a
NuttX 13.0.0 d49dc5e5a9c Aug 15 2026 18:38:53 risc-v esp32p4x-function-ev-board
nsh>
===== reboot cycle 7 =====
uname -a
NuttX 13.0.0 d49dc5e5a9c Aug 15 2026 18:38:53 risc-v esp32p4x-function-ev-board
nsh>
===== reboot cycle 8 =====
uname -a
NuttX 13.0.0 d49dc5e5a9c Aug 15 2026 18:38:53 risc-v esp32p4x-function-ev-board
nsh>
===== reboot cycle 9 =====
uname -a
NuttX 13.0.0 d49dc5e5a9c Aug 15 2026 18:38:53 risc-v esp32p4x-function-ev-board
nsh>
===== reboot cycle 10 =====
uname -a
NuttX 13.0.0 d49dc5e5a9c Aug 15 2026 18:38:53 risc-v esp32p4x-function-ev-board
nsh>
reboot: 10/10 passed
