
===== manual-power cycle 1 =====
SPI Flash MTD: 0x00f00000-0x00ffffff mounted at /data

NuttShell (NSH) NuttX-13.0.0
nsh> [Kuname -a
NuttX 13.0.0 d49dc5e5a9c Aug 15 2026 19:17:51 risc-v esp32p4x-function-ev-board
nsh>
===== manual-power cycle 2 =====
SPI Flash MTD: 0x00f00000-0x00ffffff mounted at /data

NuttShell (NSH) NuttX-13.0.0
nsh> [Kuname -a
NuttX 13.0.0 d49dc5e5a9c Aug 15 2026 19:17:51 risc-v esp32p4x-function-ev-board
nsh> 
===== manual-power cycle 3 =====

===== manual-power cycle 4 =====
SPI Flash MTD: 0x00f00000-0x00ffffff mounted at /data

NuttShell (NSH) NuttX-13.0.0
nsh> [Kuname -a
NuttX 13.0.0 d49dc5e5a9c Aug 15 2026 19:17:51 risc-v esp32p4x-function-ev-board
nsh>
===== manual-power cycle 5 =====
SPI Flash MTD: 0x00f00000-0x00ffffff mounted at /data

NuttShell (NSH) NuttX-13.0.0
nsh>[Kuname -a
NuttX 13.0.0 d49dc5e5a9c Aug 15 2026 19:17:51 risc-v esp32p4x-function-ev-board
nsh>
===== manual-power cycle 6 =====
SPI Flash MTD: 0x00f00000-0x00ffffff mounted at /data

NuttShell (NSH) NuttX-13.0.0
nsh>uname -a
NuttX 13.0.0 d49dc5e5a9c Aug 15 2026 19:17:51 risc-v esp32p4x-function-ev-board
nsh>
===== manual-power cycle 7 =====
SPI Flash MTD: 0x00f00000-0x00ffffff mounted at /data

NuttShell (NSH) NuttX-13.0.0
nsh>[Kuname -a
NuttX 13.0.0 d49dc5e5a9c Aug 15 2026 19:17:51 risc-v esp32p4x-function-ev-board
nsh>
===== manual-power cycle 8 =====
SPI Flash MTD: 0x00f00000-0x00ffffff mounted at /data

NuttShell (NSH) NuttX-13.0.0
nsh>[Kuname -a
NuttX 13.0.0 d49dc5e5a9c Aug 15 2026 19:17:51 risc-v esp32p4x-function-ev-board
nsh>
===== manual-power cycle 9 =====
SPI Flash MTD: 0x00f00000-0x00ffffff mounted at /data

NuttShell (NSH) NuttX-13.0.0
nsh>[Kuname -a
NuttX 13.0.0 d49dc5e5a9c Aug 15 2026 19:17:51 risc-v esp32p4x-function-ev-board
nsh>
===== manual-power cycle 10 =====
SPI Flash MTD: 0x00f00000-0x00ffffff mounted at /data

NuttShell (NSH) NuttX-13.0.0
nsh>[Kuname -a
NuttX 13.0.0 d49dc5e5a9c Aug 15 2026 19:17:51 risc-v esp32p4x-function-ev-board
nsh>
===== manual-power cycle 11 =====
SPI Flash MTD: 0x00f00000-0x00ffffff mounted at /data

NuttShell (NSH) NuttX-13.0.0
nsh>[Kuname -a
NuttX 13.0.0 d49dc5e5a9c Aug 15 2026 19:17:51 risc-v esp32p4x-function-ev-board
nsh>
===== manual-power cycle 12 =====
SPI Flash MTD: 0x00f00000-0x00ffffff mounted at /data

NuttShell (NSH) NuttX-13.0.0
nsh>[Kuname -a
NuttX 13.0.0 d49dc5e5a9c Aug 15 2026 19:17:51 risc-v esp32p4x-function-ev-board
nsh> 
===== manual-power cycle 13 =====
SPI Flash MTD: 0x00f00000-0x00ffffff mounted at /data

NuttShell (NSH) NuttX-13.0.0
nsh> [Kuname -a
NuttX 13.0.0 d49dc5e5a9c Aug 15 2026 19:17:51 risc-v esp32p4x-function-ev-board
nsh>
===== manual-power cycle 14 =====
SPI Flash MTD: 0x00f00000-0x00ffffff mounted at /data

NuttShell (NSH) NuttX-13.0.0
nsh> uname -a
NuttX 13.0.0 d49dc5e5a9c Aug 15 2026 19:17:51 risc-v esp32p4x-function-ev-board
nsh>
===== manual-power cycle 15 =====
SPI Flash MTD: 0x00f00000-0x00ffffff mounted at /data

NuttShell (NSH) NuttX-13.0.0
nsh>[Kuname -a
NuttX 13.0.0 d49dc5e5a9c Aug 15 2026 19:17:51 risc-v esp32p4x-function-ev-board
nsh>
===== manual-power cycle 16 =====
SPI Flash MTD: 0x00f00000-0x00ffffff mounted at /data

NuttShell (NSH) NuttX-13.0.0
nsh> uname -a
NuttX 13.0.0 d49dc5e5a9c Aug 15 2026 19:17:51 risc-v esp32p4x-function-ev-board
nsh>
===== manual-power cycle 17 =====
SPI Flash MTD: 0x00f00000-0x00ffffff mounted at /data

NuttShell (NSH) NuttX-13.0.0
nsh>[Kuname -a
NuttX 13.0.0 d49dc5e5a9c Aug 15 2026 19:17:51 risc-v esp32p4x-function-ev-board
nsh>
===== manual-power cycle 18 =====
SPI Flash MTD: 0x00f00000-0x00ffffff mounted at /data

NuttShell (NSH) NuttX-13.0.0
nsh>[Kuname -a
NuttX 13.0.0 d49dc5e5a9c Aug 15 2026 19:17:51 risc-v esp32p4x-function-ev-board
nsh>
===== manual-power cycle 19 =====
SPI Flash MTD: 0x00f00000-0x00ffffff mounted at /data

NuttShell (NSH) NuttX-13.0.0
nsh> [Kuname -a
NuttX 13.0.0 d49dc5e5a9c Aug 15 2026 19:17:51 risc-v esp32p4x-function-ev-board
nsh>
===== manual-power cycle 20 =====
SPI Flash MTD: 0x00f00000-0x00ffffff mounted at /data

NuttShell (NSH) NuttX-13.0.0
nsh> [Kuname -a
NuttX 13.0.0 d49dc5e5a9c Aug 15 2026 19:17:51 risc-v esp32p4x-function-ev-board
nsh>
manual-power: 19/20 passed
