
nsh>
===== COMMAND: uname -a =====
uname -a
NuttX 13.0.0 d49dc5e5a9c Aug 15 2026 19:17:51 risc-v esp32p4x-function-ev-board
nsh>
===== COMMAND: free =====
[K
nsh> [Kfree
      total       used       free    maxused    maxfree  nused  nfree name
   33554432       4584   33549848     563488   33549848     10      1 Umem
     476360       8968     467392       9352     467392     47      1 Kmem
nsh> [
===== COMMAND: ps =====
sh> [Kps
  PID GROUP PRI POLICY   TYPE    NPX STATE    EVENT     SIGMASK            STACK COMMAND
    0     0   0 FIFO     Kthread   - Ready              0000000000000000 0002016 CPU0 IDLE
    1     1 100 RR       Task      - Running            0000000000000000 0001976 nsh_main
nsh>
===== COMMAND: ls /dev =====
 [K
nsh> [Kls /dev
/dev:
 console
 gpio0
 gpio1
 gpio2
 i2c0
 null
 random
 smart0
 ttyACM0
 zero
nsh>
===== COMMAND: g1_smoke 2 =====
 [K
nsh> [Kg1_smoke 2
G1 START duration=2 timer_hz=10
G1 PERSIST PASS sequence=5
G1 PERSIST WRITE sequence=6
G1 HEAP START arena=33554432 used=8952 free=33545480 largest=33545480
G1 STATUS elapsed=2 timer_signals=20 used=8952 free=33545480 largest=33545480
G1 TIMER PASS signals=20 elapsed=2030ms
G1 HEAP PASS cycles=20 used_before=8952 used_after=8952 drift=0
G1 PASS
nsh>
===== COMMAND: sc2336_probe =====
 [K
nsh> [Ksc2336_probe
SC2336 read-only probe address=0x30 frequency=100000
SC2336 ID PASS address=0x30 id=0xcb3a
nsh>