00f00000-0x00ffffff mounted at /data

NuttShell (NSH) NuttX-13.0.0
nsh>
===== COMMAND: uname -a =====
uname -a
NuttX 13.0.0 d49dc5e5a9c Aug 19 2026 21:58:03 risc-v esp32p4x-function-ev-board
nsh>
===== COMMAND: free =====
> [Kfree
      total       used       free    maxused    maxfree  nused  nfree name
   33554432       4584   33549848       4960   33549848     10      1 Umem
     476360       8968     467392       9344     467392     47      1 Kmem
nsh>
===== COMMAND: ps =====
 [K
nsh> [Kps
  PID GROUP PRI POLICY   TYPE    NPX STATE    EVENT     SIGMASK            STACK COMMAND
    0     0   0 FIFO     Kthread   - Ready              0000000000000000 0002016 CPU0 IDLE
    1     1 100 RR       Task      - Running            0000000000000000 0001976 nsh_main
nsh>
===== COMMAND: ls /dev =====
 [K
nsh> [Kls /dev
/dev:
 console
 gpio0
 gpio1
 gpio2
 i2c0
 null
 random
 smart0
 ttyACM0
 zero
nsh>
===== COMMAND: sc2336_probe probe =====
 [K
nsh> [Ksc2336_probe probe
SC2336 ID PASS address=0x30 id=0xcb3a
nsh>
===== COMMAND: sc2336_probe reset =====
 [K
nsh> [Ksc2336_probe reset
SC2336 soft-reset: writing reg 0x0103 = 0x01...
SC2336 soft-reset PASS, chip_id=0xcb3a restored
nsh>
===== COMMAND: sc2336_probe test 720p =====
 [K
nsh> [Ksc2336_probe test 720p
========================================
 SC2336 Control Plane Full Smoke Test
 Mode: 720p, I2C Addr: 0x30, Freq: 100000 Hz
========================================
[Step 1/6] Probing Chip ID...
  -> Chip ID: 0xcb3a (MATCH 0xcb3a)
[Step 2/6] Software Reset...
SC2336 soft-reset: writing reg 0x0103 = 0x01...
SC2336 soft-reset PASS, chip_id=0xcb3a restored
[Step 3/6] Writing Mode Table (720p)...
SC2336 init mode: 720p...
SC2336 init table written successfully (165 registers)
[Step 4/6] Verifying Key Registers...
SC2336 readback verification (720p):
  CLK_CTRL (0x3106)   = 0x05 (expected 0x05)
  ANA_INIT_1 (0x36e9) = 0x80 (expected 0x80)
  ANA_INIT_2 (0x37f9) = 0x80 (expected 0x80)
  VTS      (0x320e/f) = 1500
SC2336 register verification PASS
[Step 5/6] Activating Stream ON...
SC2336 stream control: setting 0x0100 = 0x01 (STREAM_ON)...
SC2336 STREAM_ON PASS (target=0x01, I2C ACK OK)
  Holding stream for 200 ms...
[Step 6/6] Returning to Standby (Stream OFF)...
SC2336 stream control: setting 0x0100 = 0x00 (STREAM_OFF)...
SC2336 STREAM_OFF PASS (target=0x00, I2C ACK OK)
========================================
 SC2336 Control Plane Test: ALL PASS
========================================
nsh>
===== COMMAND: sc2336_probe cycle 10 720p =====
[K
nsh> [Ksc2336_probe cycle 10 720p
========================================
 SC2336 Stream Transition Cycle Test
 Cycles: 10, Mode: 720p
========================================
========================================
 SC2336 Control Plane Full Smoke Test
 Mode: 720p, I2C Addr: 0x30, Freq: 100000 Hz
========================================
[Step 1/6] Probing Chip ID...
  -> Chip ID: 0xcb3a (MATCH 0xcb3a)
[Step 2/6] Software Reset...
SC2336 soft-reset: writing reg 0x0103 = 0x01...
SC2336 soft-reset PASS, chip_id=0xcb3a restored
[Step 3/6] Writing Mode Table (720p)...
SC2336 init mode: 720p...
SC2336 init table written successfully (165 registers)
[Step 4/6] Verifying Key Registers...
SC2336 readback verification (720p):
  CLK_CTRL (0x3106)   = 0x05 (expected 0x05)
  ANA_INIT_1 (0x36e9) = 0x80 (expected 0x80)
  ANA_INIT_2 (0x37f9) = 0x80 (expected 0x80)
  VTS      (0x320e/f) = 1500
SC2336 register verification PASS
[Step 5/6] Activating Stream ON...
SC2336 stream control: setting 0x0100 = 0x01 (STREAM_ON)...
SC2336 STREAM_ON PASS (target=0x01, I2C ACK OK)
  Holding stream for 200 ms...
[Step 6/6] Returning to Standby (Stream OFF)...
SC2336 stream control: setting 0x0100 = 0x00 (STREAM_OFF)...
SC2336 STREAM_OFF PASS (target=0x00, I2C ACK OK)
========================================
 SC2336 Control Plane Test: ALL PASS
========================================
--- Cycle 1/10 ---
SC2336 stream control: setting 0x0100 = 0x01 (STREAM_ON)...
SC2336 STREAM_ON PASS (target=0x01, I2C ACK OK)
SC2336 stream control: setting 0x0100 = 0x00 (STREAM_OFF)...
SC2336 STREAM_OFF PASS (target=0x00, I2C ACK OK)
--- Cycle 2/10 ---
SC2336 stream control: setting 0x0100 = 0x01 (STREAM_ON)...
SC2336 STREAM_ON PASS (target=0x01, I2C ACK OK)
SC2336 stream control: setting 0x0100 = 0x00 (STREAM_OFF)...
SC2336 STREAM_OFF PASS (target=0x00, I2C ACK OK)
--- Cycle 3/10 ---
SC2336 stream control: setting 0x0100 = 0x01 (STREAM_ON)...
SC2336 STREAM_ON PASS (target=0x01, I2C ACK OK)
SC2336 stream control: setting 0x0100 = 0x00 (STREAM_OFF)...
SC2336 STREAM_OFF PASS (target=0x00, I2C ACK OK)
--- Cycle 4/10 ---
SC2336 stream control: setting 0x0100 = 0x01 (STREAM_ON)...
SC2336 STREAM_ON PASS (target=0x01, I2C ACK OK)
SC2336 stream control: setting 0x0100 = 0x00 (STREAM_OFF)...
SC2336 STREAM_OFF PASS (target=0x00, I2C ACK OK)
--- Cycle 5/10 ---
SC2336 stream control: setting 0x0100 = 0x01 (STREAM_ON)...
SC2336 STREAM_ON PASS (target=0x01, I2C ACK OK)
SC2336 stream control: setting 0x0100 = 0x00 (STREAM_OFF)...
SC2336 STREAM_OFF PASS (target=0x00, I2C ACK OK)
--- Cycle 6/10 ---
SC2336 stream control: setting 0x0100 = 0x01 (STREAM_ON)...
SC2336 STREAM_ON PASS (target=0x01, I2C ACK OK)
SC2336 stream control: setting 0x0100 = 0x00 (STREAM_OFF)...
SC2336 STREAM_OFF PASS (target=0x00, I2C ACK OK)
--- Cycle 7/10 ---
SC2336 stream control: setting 0x0100 = 0x01 (STREAM_ON)...
SC2336 STREAM_ON PASS (target=0x01, I2C ACK OK)
SC2336 stream control: setting 0x0100 = 0x00 (STREAM_OFF)...
SC2336 STREAM_OFF PASS (target=0x00, I2C ACK OK)
--- Cycle 8/10 ---
SC2336 stream control: setting 0x0100 = 0x01 (STREAM_ON)...
SC2336 STREAM_ON PASS (target=0x01, I2C ACK OK)
SC2336 stream control: setting 0x0100 = 0x00 (STREAM_OFF)...
SC2336 STREAM_OFF PASS (target=0x00, I2C ACK OK)
--- Cycle 9/10 ---
SC2336 stream control: setting 0x0100 = 0x01 (STREAM_ON)...
SC2336 STREAM_ON PASS (target=0x01, I2C ACK OK)
SC2336 stream control: setting 0x0100 = 0x00 (STREAM_OFF)...
SC2336 STREAM_OFF PASS (target=0x00, I2C ACK OK)
--- Cycle 10/10 ---
SC2336 stream control: setting 0x0100 = 0x01 (STREAM_ON)...
SC2336 STREAM_ON PASS (target=0x01, I2C ACK OK)
SC2336 stream control: setting 0x0100 = 0x00 (STREAM_OFF)...
SC2336 STREAM_OFF PASS (target=0x00, I2C ACK OK)
========================================
 SC2336 Stream Cycle Test: 10/10 PASS
========================================
nsh> [K
===== COMMAND: sc2336_probe test 1080p =====
nsh> [Ksc2336_probe test 1080p
========================================
 SC2336 Control Plane Full Smoke Test
 Mode: 1080p, I2C Addr: 0x30, Freq: 100000 Hz
========================================
[Step 1/6] Probing Chip ID...
  -> Chip ID: 0xcb3a (MATCH 0xcb3a)
[Step 2/6] Software Reset...
SC2336 soft-reset: writing reg 0x0103 = 0x01...
SC2336 soft-reset PASS, chip_id=0xcb3a restored
[Step 3/6] Writing Mode Table (1080p)...
SC2336 init mode: 1080p...
SC2336 init table written successfully (149 registers)
[Step 4/6] Verifying Key Registers...
SC2336 readback verification (1080p):
  CLK_CTRL (0x3106)   = 0x05 (expected 0x05)
  ANA_INIT_1 (0x36e9) = 0x80 (expected 0x80)
  ANA_INIT_2 (0x37f9) = 0x80 (expected 0x80)
  VTS      (0x320e/f) = 1500
SC2336 register verification PASS
[Step 5/6] Activating Stream ON...
SC2336 stream control: setting 0x0100 = 0x01 (STREAM_ON)...
SC2336 STREAM_ON PASS (target=0x01, I2C ACK OK)
  Holding stream for 200 ms...
[Step 6/6] Returning to Standby (Stream OFF)...
SC2336 stream control: setting 0x0100 = 0x00 (STREAM_OFF)...
SC2336 STREAM_OFF PASS (target=0x00, I2C ACK OK)
========================================
 SC2336 Control Plane Test: ALL PASS
========================================
nsh>
===== COMMAND: sc2336_probe cycle 10 1080p =====
 [K
nsh> [Ksc2336_probe cycle 10 1080p
========================================
 SC2336 Stream Transition Cycle Test
 Cycles: 10, Mode: 1080p
========================================
========================================
 SC2336 Control Plane Full Smoke Test
 Mode: 1080p, I2C Addr: 0x30, Freq: 100000 Hz
========================================
[Step 1/6] Probing Chip ID...
  -> Chip ID: 0xcb3a (MATCH 0xcb3a)
[Step 2/6] Software Reset...
SC2336 soft-reset: writing reg 0x0103 = 0x01...
SC2336 soft-reset PASS, chip_id=0xcb3a restored
[Step 3/6] Writing Mode Table (1080p)...
SC2336 init mode: 1080p...
SC2336 init table written successfully (149 registers)
[Step 4/6] Verifying Key Registers...
SC2336 readback verification (1080p):
  CLK_CTRL (0x3106)   = 0x05 (expected 0x05)
  ANA_INIT_1 (0x36e9) = 0x80 (expected 0x80)
  ANA_INIT_2 (0x37f9) = 0x80 (expected 0x80)
  VTS      (0x320e/f) = 1500
SC2336 register verification PASS
[Step 5/6] Activating Stream ON...
SC2336 stream control: setting 0x0100 = 0x01 (STREAM_ON)...
SC2336 STREAM_ON PASS (target=0x01, I2C ACK OK)
  Holding stream for 200 ms...
[Step 6/6] Returning to Standby (Stream OFF)...
SC2336 stream control: setting 0x0100 = 0x00 (STREAM_OFF)...
SC2336 STREAM_OFF PASS (target=0x00, I2C ACK OK)
========================================
 SC2336 Control Plane Test: ALL PASS
========================================
--- Cycle 1/10 ---
SC2336 stream control: setting 0x0100 = 0x01 (STREAM_ON)...
SC2336 STREAM_ON PASS (target=0x01, I2C ACK OK)
SC2336 stream control: setting 0x0100 = 0x00 (STREAM_OFF)...
SC2336 STREAM_OFF PASS (target=0x00, I2C ACK OK)
--- Cycle 2/10 ---
SC2336 stream control: setting 0x0100 = 0x01 (STREAM_ON)...
SC2336 STREAM_ON PASS (target=0x01, I2C ACK OK)
SC2336 stream control: setting 0x0100 = 0x00 (STREAM_OFF)...
SC2336 STREAM_OFF PASS (target=0x00, I2C ACK OK)
--- Cycle 3/10 ---
SC2336 stream control: setting 0x0100 = 0x01 (STREAM_ON)...
SC2336 STREAM_ON PASS (target=0x01, I2C ACK OK)
SC2336 stream control: setting 0x0100 = 0x00 (STREAM_OFF)...
SC2336 STREAM_OFF PASS (target=0x00, I2C ACK OK)
--- Cycle 4/10 ---
SC2336 stream control: setting 0x0100 = 0x01 (STREAM_ON)...
SC2336 STREAM_ON PASS (target=0x01, I2C ACK OK)
SC2336 stream control: setting 0x0100 = 0x00 (STREAM_OFF)...
SC2336 STREAM_OFF PASS (target=0x00, I2C ACK OK)
--- Cycle 5/10 ---
SC2336 stream control: setting 0x0100 = 0x01 (STREAM_ON)...
SC2336 STREAM_ON PASS (target=0x01, I2C ACK OK)
SC2336 stream control: setting 0x0100 = 0x00 (STREAM_OFF)...
SC2336 STREAM_OFF PASS (target=0x00, I2C ACK OK)
--- Cycle 6/10 ---
SC2336 stream control: setting 0x0100 = 0x01 (STREAM_ON)...
SC2336 STREAM_ON PASS (target=0x01, I2C ACK OK)
SC2336 stream control: setting 0x0100 = 0x00 (STREAM_OFF)...
SC2336 STREAM_OFF PASS (target=0x00, I2C ACK OK)
--- Cycle 7/10 ---
SC2336 stream control: setting 0x0100 = 0x01 (STREAM_ON)...
SC2336 STREAM_ON PASS (target=0x01, I2C ACK OK)
SC2336 stream control: setting 0x0100 = 0x00 (STREAM_OFF)...
SC2336 STREAM_OFF PASS (target=0x00, I2C ACK OK)
--- Cycle 8/10 ---
SC2336 stream control: setting 0x0100 = 0x01 (STREAM_ON)...
SC2336 STREAM_ON PASS (target=0x01, I2C ACK OK)
SC2336 stream control: setting 0x0100 = 0x00 (STREAM_OFF)...
SC2336 STREAM_OFF PASS (target=0x00, I2C ACK OK)
--- Cycle 9/10 ---
SC2336 stream control: setting 0x0100 = 0x01 (STREAM_ON)...
SC2336 STREAM_ON PASS (target=0x01, I2C ACK OK)
SC2336 stream control: setting 0x0100 = 0x00 (STREAM_OFF)...
SC2336 STREAM_OFF PASS (target=0x00, I2C ACK OK)
--- Cycle 10/10 ---
SC2336 stream control: setting 0x0100 = 0x01 (STREAM_ON)...
SC2336 STREAM_ON PASS (target=0x01, I2C ACK OK)
SC2336 stream control: setting 0x0100 = 0x00 (STREAM_OFF)...
SC2336 STREAM_OFF PASS (target=0x00, I2C ACK OK)
========================================
 SC2336 Stream Cycle Test: 10/10 PASS
========================================
nsh>
===== COMMAND: sc2336_probe test 1080p25 =====
[K
nsh> [Ksc2336_probe test 1080p25
========================================
 SC2336 Control Plane Full Smoke Test
 Mode: 1080p25, I2C Addr: 0x30, Freq: 100000 Hz
========================================
[Step 1/6] Probing Chip ID...
  -> Chip ID: 0xcb3a (MATCH 0xcb3a)
[Step 2/6] Software Reset...
SC2336 soft-reset: writing reg 0x0103 = 0x01...
SC2336 soft-reset PASS, chip_id=0xcb3a restored
[Step 3/6] Writing Mode Table (1080p25)...
SC2336 init mode: 1080p25...
SC2336 init table written successfully (130 registers)
[Step 4/6] Verifying Key Registers...
SC2336 readback verification (1080p25):
  CLK_CTRL (0x3106)   = 0x05 (expected 0x05)
  ANA_INIT_1 (0x36e9) = 0x80 (expected 0x80)
  ANA_INIT_2 (0x37f9) = 0x80 (expected 0x80)
  VTS      (0x320e/f) = 1500
SC2336 register verification PASS
[Step 5/6] Activating Stream ON...
SC2336 stream control: setting 0x0100 = 0x01 (STREAM_ON)...
SC2336 STREAM_ON PASS (target=0x01, I2C ACK OK)
  Holding stream for 200 ms...
[Step 6/6] Returning to Standby (Stream OFF)...
SC2336 stream control: setting 0x0100 = 0x00 (STREAM_OFF)...
SC2336 STREAM_OFF PASS (target=0x00, I2C ACK OK)
========================================
 SC2336 Control Plane Test: ALL PASS
========================================
nsh>
===== COMMAND: sc2336_probe cycle 10 1080p25 =====
 [K
nsh> [Ksc2336_probe cycle 10 1080p25
========================================
 SC2336 Stream Transition Cycle Test
 Cycles: 10, Mode: 1080p25
========================================
========================================
 SC2336 Control Plane Full Smoke Test
 Mode: 1080p25, I2C Addr: 0x30, Freq: 100000 Hz
========================================
[Step 1/6] Probing Chip ID...
  -> Chip ID: 0xcb3a (MATCH 0xcb3a)
[Step 2/6] Software Reset...
SC2336 soft-reset: writing reg 0x0103 = 0x01...
SC2336 soft-reset PASS, chip_id=0xcb3a restored
[Step 3/6] Writing Mode Table (1080p25)...
SC2336 init mode: 1080p25...
SC2336 init table written successfully (130 registers)
[Step 4/6] Verifying Key Registers...
SC2336 readback verification (1080p25):
  CLK_CTRL (0x3106)   = 0x05 (expected 0x05)
  ANA_INIT_1 (0x36e9) = 0x80 (expected 0x80)
  ANA_INIT_2 (0x37f9) = 0x80 (expected 0x80)
  VTS      (0x320e/f) = 1500
SC2336 register verification PASS
[Step 5/6] Activating Stream ON...
SC2336 stream control: setting 0x0100 = 0x01 (STREAM_ON)...
SC2336 STREAM_ON PASS (target=0x01, I2C ACK OK)
  Holding stream for 200 ms...
[Step 6/6] Returning to Standby (Stream OFF)...
SC2336 stream control: setting 0x0100 = 0x00 (STREAM_OFF)...
SC2336 STREAM_OFF PASS (target=0x00, I2C ACK OK)
========================================
 SC2336 Control Plane Test: ALL PASS
========================================
--- Cycle 1/10 ---
SC2336 stream control: setting 0x0100 = 0x01 (STREAM_ON)...
SC2336 STREAM_ON PASS (target=0x01, I2C ACK OK)
SC2336 stream control: setting 0x0100 = 0x00 (STREAM_OFF)...
SC2336 STREAM_OFF PASS (target=0x00, I2C ACK OK)
--- Cycle 2/10 ---
SC2336 stream control: setting 0x0100 = 0x01 (STREAM_ON)...
SC2336 STREAM_ON PASS (target=0x01, I2C ACK OK)
SC2336 stream control: setting 0x0100 = 0x00 (STREAM_OFF)...
SC2336 STREAM_OFF PASS (target=0x00, I2C ACK OK)
--- Cycle 3/10 ---
SC2336 stream control: setting 0x0100 = 0x01 (STREAM_ON)...
SC2336 STREAM_ON PASS (target=0x01, I2C ACK OK)
SC2336 stream control: setting 0x0100 = 0x00 (STREAM_OFF)...
SC2336 STREAM_OFF PASS (target=0x00, I2C ACK OK)
--- Cycle 4/10 ---
SC2336 stream control: setting 0x0100 = 0x01 (STREAM_ON)...
SC2336 STREAM_ON PASS (target=0x01, I2C ACK OK)
SC2336 stream control: setting 0x0100 = 0x00 (STREAM_OFF)...
SC2336 STREAM_OFF PASS (target=0x00, I2C ACK OK)
--- Cycle 5/10 ---
SC2336 stream control: setting 0x0100 = 0x01 (STREAM_ON)...
SC2336 STREAM_ON PASS (target=0x01, I2C ACK OK)
SC2336 stream control: setting 0x0100 = 0x00 (STREAM_OFF)...
SC2336 STREAM_OFF PASS (target=0x00, I2C ACK OK)
--- Cycle 6/10 ---
SC2336 stream control: setting 0x0100 = 0x01 (STREAM_ON)...
SC2336 STREAM_ON PASS (target=0x01, I2C ACK OK)
SC2336 stream control: setting 0x0100 = 0x00 (STREAM_OFF)...
SC2336 STREAM_OFF PASS (target=0x00, I2C ACK OK)
--- Cycle 7/10 ---
SC2336 stream control: setting 0x0100 = 0x01 (STREAM_ON)...
SC2336 STREAM_ON PASS (target=0x01, I2C ACK OK)
SC2336 stream control: setting 0x0100 = 0x00 (STREAM_OFF)...
SC2336 STREAM_OFF PASS (target=0x00, I2C ACK OK)
--- Cycle 8/10 ---
SC2336 stream control: setting 0x0100 = 0x01 (STREAM_ON)...
SC2336 STREAM_ON PASS (target=0x01, I2C ACK OK)
SC2336 stream control: setting 0x0100 = 0x00 (STREAM_OFF)...
SC2336 STREAM_OFF PASS (target=0x00, I2C ACK OK)
--- Cycle 9/10 ---
SC2336 stream control: setting 0x0100 = 0x01 (STREAM_ON)...
SC2336 STREAM_ON PASS (target=0x01, I2C ACK OK)
SC2336 stream control: setting 0x0100 = 0x00 (STREAM_OFF)...
SC2336 STREAM_OFF PASS (target=0x00, I2C ACK OK)
--- Cycle 10/10 ---
SC2336 stream control: setting 0x0100 = 0x01 (STREAM_ON)...
SC2336 STREAM_ON PASS (target=0x01, I2C ACK OK)
SC2336 stream control: setting 0x0100 = 0x00 (STREAM_OFF)...
SC2336 STREAM_OFF PASS (target=0x00, I2C ACK OK)
========================================
 SC2336 Stream Cycle Test: 10/10 PASS
========================================
nsh>